// Jest Snapshot v1, https://goo.gl/fbAQLP

exports[`Phoneword Keyboard Phone Test Suite Renders the phone keyboard correctly 1`] = `
<styled.div>
  <Card>
    <CardSection
      dataTest="keyboard-phone-card"
      expandable={true}
    >
      <CardSectionHeader>
        <Heading
          element="h3"
          type="title3"
        >
          Show/Hide Phone Keyboard 
        </Heading>
      </CardSectionHeader>
      <CardSectionContent>
        <styled.div>
          <Button
            dataTest="keyboard-phone-element-1"
            key="1"
            onClick={[Function]}
            type="secondary"
          >
            1
          </Button>
          <Button
            dataTest="keyboard-phone-element-2"
            key="2"
            onClick={[Function]}
            type="secondary"
          >
            2
          </Button>
          <Button
            dataTest="keyboard-phone-element-3"
            key="3"
            onClick={[Function]}
            type="secondary"
          >
            3
          </Button>
          <Button
            dataTest="keyboard-phone-element-4"
            key="4"
            onClick={[Function]}
            type="secondary"
          >
            4
          </Button>
          <Button
            dataTest="keyboard-phone-element-5"
            key="5"
            onClick={[Function]}
            type="secondary"
          >
            5
          </Button>
          <Button
            dataTest="keyboard-phone-element-6"
            key="6"
            onClick={[Function]}
            type="secondary"
          >
            6
          </Button>
          <Button
            dataTest="keyboard-phone-element-7"
            key="7"
            onClick={[Function]}
            type="secondary"
          >
            7
          </Button>
          <Button
            dataTest="keyboard-phone-element-8"
            key="8"
            onClick={[Function]}
            type="secondary"
          >
            8
          </Button>
          <Button
            dataTest="keyboard-phone-element-9"
            key="9"
            onClick={[Function]}
            type="secondary"
          >
            9
          </Button>
          <Button
            dataTest="keyboard-phone-element-Back"
            key="Back"
            onClick={[Function]}
            type="secondary"
          >
            Back
          </Button>
          <Button
            dataTest="keyboard-phone-element-0"
            key="0"
            onClick={[Function]}
            type="secondary"
          >
            0
          </Button>
          <Button
            dataTest="keyboard-phone-element-Clear"
            key="Clear"
            onClick={[Function]}
            type="secondary"
          >
            Clear
          </Button>
        </styled.div>
      </CardSectionContent>
    </CardSection>
  </Card>
</styled.div>
`;
